四，增删改查

插入：db.collection_name.insert({})           // 插入多条文档时，要在{}外加上[ ]，以列表形式插入

更新：db.collection_name.update({query}, {$set{update}}, {multi: < boolean >})

​	参数解释：

​	query：查询条件

​	$set：可选的，但是经常用，只将对应键设置为对应值，不改变其它的键值对，结合例子来理解

​	update：更新的值

​	multi：可选的，必须和$set搭配才发挥作用，它默认值是false，表示只更新找到的第一条文档，

​	当为true时，表示把满足query条件的文档全部更新为update值

更新插入：db.collection_name.save({})          // 按照_id，把文档更新成指定内容，看例子来理解

查看：db.collection_name.find()                     // 可以在（）内加上{条件}进行条件查询

删除：db.collection_name.remove({query}, {justOne: < boolean >})

例子：

```
> db
demo
> db.num1.insert({"name":"xiao wang","age":10})
WriteResult({ "nInserted" : 1 })
> db.num1.find()
{ "_id" : ObjectId("5f40ef17ca0fbab2dff72f50"), "name" : "xiao wang", "age" : 10 }
> db.num1.insert({_id:100, "name":"xiaobai","age":20})            // 指定_id插入
WriteResult({ "nInserted" : 1 })
> db.num1.find()
{ "_id" : ObjectId("5f40ef17ca0fbab2dff72f50"), "name" : "xiao wang", "age" : 10 }
{ "_id" : 100, "name" : "xiaobai", "age" : 20 }
> db.num1.find({"age":10})     // 条件查询
{ "_id" : ObjectId("5f40ef17ca0fbab2dff72f50"), "name" : "xiao wang", "age" : 10 }
> db.num1.insert({_id:100, "name":"xiaohei","age":18})       // 再次向_id:100插入会报错
WriteResult({
        "nInserted" : 0,
        "writeError" : {
                "code" : 11000,
                "errmsg" : "E11000 duplicate key error collection: demo.num1 index: _id_ dup key: { _id: 100.0 }"
        }
})
> db.num1.insert([{_id:10, "name":"xiaohei", "gender":"female", "age":18},{_id:11, "name":"xiaolan", "gender":"male"}])          // 插入多条数据
BulkWriteResult({
        "writeErrors" : [ ],
        "writeConcernErrors" : [ ],
        "nInserted" : 2,
        "nUpserted" : 0,
        "nMatched" : 0,
        "nModified" : 0,
        "nRemoved" : 0,
        "upserted" : [ ]
})
> db.num1.find()
{ "_id" : ObjectId("5f40ef17ca0fbab2dff72f50"), "name" : "xiao wang", "age" : 10 }
{ "_id" : 100, "name" : "xiaobai", "age" : 20 }
{ "_id" : 10, "name" : "xiaohei", "gender" : "female", "age" : 18 }
{ "_id" : 11, "name" : "xiaolan", "gender" : "male" }
> db.num1.save({_id:100,"age":30})       // 对指定_id的文档更新插入
WriteResult({ "nMatched" : 1, "nUpserted" : 0, "nModified" : 1 })
> db.num1.find()
{ "_id" : ObjectId("5f40ef17ca0fbab2dff72f50"), "name" : "xiao wang", "age" : 10 }
{ "_id" : 100, "age" : 30 }             // 可以看出，save把_id:100文档直接更新插入变成"age":30
{ "_id" : 10, "name" : "xiaohei", "gender" : "female", "age" : 18 }
{ "_id" : 11, "name" : "xiaolan", "gender" : "male" }
db.num1.update({"name":"xiaohei"},{"age":20})
WriteResult({ "nMatched" : 1, "nUpserted" : 0, "nModified" : 1 })
> db.num1.find()
{ "_id" : ObjectId("5f40ef17ca0fbab2dff72f50"), "name" : "xiao wang", "age" : 10 }
{ "_id" : 100, "age" : 30 }
{ "_id" : 10, "age" : 20 }        // 从这里可以看出，update把"name":"xiaohei"整个文档替换成了"age":20，没有保留其它键值对
{ "_id" : 11, "name" : "xiaolan", "gender" : "male" }
> db.num1.update({"name":"xiaolan"},{$set:{"age":30}})      // 加上$set
WriteResult({ "nMatched" : 1, "nUpserted" : 0, "nModified" : 1 })
> db.num1.find()
{ "_id" : ObjectId("5f40ef17ca0fbab2dff72f50"), "name" : "xiao wang", "age" : 10 }
{ "_id" : 100, "age" : 30 }
{ "_id" : 10, "age" : 30 }
{ "_id" : 11, "name" : "xiaolan", "gender" : "male", "age" : 30 }   // 加上$set就不会影响其他键值对了，同时，可看出对于不存在的键值对使用update，会追加到文档里
> db.num1.update({"age":30},{$set:{"age":18}},{multi:true})     // 加上multi
WriteResult({ "nMatched" : 3, "nUpserted" : 0, "nModified" : 3 })
> db.num1.find()
{ "_id" : ObjectId("5f40ef17ca0fbab2dff72f50"), "name" : "xiao wang", "age" : 10 }
{ "_id" : 100, "age" : 18 }
{ "_id" : 10, "age" : 18 }
{ "_id" : 11, "name" : "xiaolan", "gender" : "male", "age" : 18 }     // 看出"age" : 30都被替换成"age" : 18
> db.num1.remove({"_id":10})      // 按照指定条件删除
WriteResult({ "nRemoved" : 1 })
> db.num1.find()
{ "_id" : ObjectId("5f40ef17ca0fbab2dff72f50"), "name" : "xiao wang", "age" : 10 }
{ "_id" : 100, "age" : 18 }
{ "_id" : 11, "name" : "xiaolan", "gender" : "male", "age" : 18 }
```

